
> frontend@0.0.0 build
> vite build

[36mvite v8.0.0 [32mbuilding client environment for production...[36m[39m
[2K
transforming...Γ£ô 1801 modules transformed.
rendering chunks...
